// Jest Snapshot v1, https://goo.gl/fbAQLP

exports[`Button should work 1`] = `"<div><button></button></div>"`;
